@Test
void canonical() {
	FnLocalTest.MethodNameParamTest.canonical();
}