public String methodName(String param) {
	return software.amazon.awscdk.Fn.methodName(param);
}