@Nested
class MethodNameParamTest {
	@Test
	void canonical() {
		FnLocalTest.MethodNameParamTest.canonical();
	}
}
